nohup: no se tendrá en cuenta la entrada

> app-mtto@0.0.1 dev
> vite dev --host


  VITE v7.3.1  ready in 13077 ms

  ➜  Local:   http://localhost:5173/
  ➜  Network: http://192.168.1.13:5173/
  ➜  Network: http://172.18.0.1:5173/
Current API_URL: http://192.168.1.13:8000
9:31:12 p. m. [vite] (ssr) page reload .svelte-kit/generated/server/internal.js
9:31:12 p. m. [vite] (ssr) page reload .svelte-kit/generated/root.svelte
9:31:12 p. m. [vite] (ssr) page reload .svelte-kit/generated/root.js

[1;31m[404] GET /favicon.ico[0m
9:34:25 p. m. [vite] (client) hmr update /src/app.css
9:34:25 p. m. [vite] (ssr) page reload src/routes/asistencia/+page.svelte
9:34:34 p. m. [vite] (client) hmr update /src/app.css
9:34:34 p. m. [vite] (ssr) page reload src/routes/asistencia/+page.svelte
9:34:47 p. m. [vite] (client) hmr update /src/app.css
9:34:48 p. m. [vite] (ssr) page reload src/routes/asistencia/+page.svelte
9:37:23 p. m. [vite] (client) hmr update /src/app.css
9:37:23 p. m. [vite] (ssr) page reload src/routes/asistencia/+page.svelte
9:37:39 p. m. [vite] (client) hmr update /src/app.css
9:37:39 p. m. [vite] (ssr) page reload src/routes/asistencia/+page.svelte
9:41:30 p. m. [vite] (client) hmr update /src/app.css
9:41:30 p. m. [vite] (ssr) page reload src/routes/asistencia/+page.svelte
9:41:40 p. m. [vite] (client) hmr update /src/app.css
9:41:40 p. m. [vite] (ssr) page reload src/routes/asistencia/+page.svelte
9:43:13 p. m. [vite] (client) hmr update /src/app.css
9:43:14 p. m. [vite] (ssr) page reload src/routes/asistencia/+page.svelte
9:43:14 p. m. [vite] (client) hmr update /src/app.css
9:43:14 p. m. [vite] (ssr) page reload src/routes/asistencia/+page.svelte
9:43:35 p. m. [vite] (client) hmr update /src/app.css
9:43:35 p. m. [vite] (ssr) page reload src/routes/asistencia/+page.svelte
9:43:35 p. m. [vite] (client) hmr update /src/app.css
9:43:35 p. m. [vite] (ssr) page reload src/routes/asistencia/+page.svelte
